// Jest Snapshot v1, https://goo.gl/fbAQLP

exports[`(Styled Component) Thumbnail matching the snapshot 1`] = `
.c0 {
  display: -webkit-inline-box;
  display: -webkit-inline-flex;
  display: -ms-inline-flexbox;
  display: inline-flex;
  -webkit-flex-direction: column;
  -ms-flex-direction: column;
  flex-direction: column;
}

.c0 .roa-thumbnail {
  margin-bottom: 1.5rem;
  width: 100%;
  border: 1px solid transparent;
  -webkit-transition: border-color 0.25s ease-in-out;
  transition: border-color 0.25s ease-in-out;
}

.c0 .roa-thumbnail:hover {
  cursor: pointer;
}

.c0 .roa-thumbnail.active {
  border-color: #0073D1;
}

<Styled(Component)
  onClick={[Function]}
  thumbnails={
    Array [
      Object {
        "alt": "Fuzzy Tiger Tee front",
        "src": "https://d2lknnt52h7uhg.cloudfront.net/roa-canon/image/upload/c_scale,w_122/v1548780269/production/catalog/rfxx1bcmwy7zych1pmof.png",
      },
      Object {
        "alt": "Fuzzy Tiger Tee detail",
        "src": "https://d2lknnt52h7uhg.cloudfront.net/roa-canon/image/upload/c_scale,w_122/v1548888910/production/catalog/jhpde0cdhl11lu9fa41o.png",
      },
      Object {
        "alt": "Fuzzy Tiger Tee on model",
        "src": "https://d2lknnt52h7uhg.cloudfront.net/roa-canon/image/upload/c_scale,w_122/v1548897102/production/catalog/q5l42uiqm8orjia4j14m.jpg",
      },
    ]
  }
>
  <Component
    className="c0"
    onClick={[Function]}
    thumbnails={
      Array [
        Object {
          "alt": "Fuzzy Tiger Tee front",
          "src": "https://d2lknnt52h7uhg.cloudfront.net/roa-canon/image/upload/c_scale,w_122/v1548780269/production/catalog/rfxx1bcmwy7zych1pmof.png",
        },
        Object {
          "alt": "Fuzzy Tiger Tee detail",
          "src": "https://d2lknnt52h7uhg.cloudfront.net/roa-canon/image/upload/c_scale,w_122/v1548888910/production/catalog/jhpde0cdhl11lu9fa41o.png",
        },
        Object {
          "alt": "Fuzzy Tiger Tee on model",
          "src": "https://d2lknnt52h7uhg.cloudfront.net/roa-canon/image/upload/c_scale,w_122/v1548897102/production/catalog/q5l42uiqm8orjia4j14m.jpg",
        },
      ]
    }
  >
    <div
      className="c0"
    >
      <InlineImage
        alt="Fuzzy Tiger Tee front"
        className="roa-thumbnail"
        key="0"
        role="button"
        src="https://d2lknnt52h7uhg.cloudfront.net/roa-canon/image/upload/c_scale,w_122/v1548780269/production/catalog/rfxx1bcmwy7zych1pmof.png"
      >
        <img
          alt="Fuzzy Tiger Tee front"
          className="roa-thumbnail"
          role="button"
          src="https://d2lknnt52h7uhg.cloudfront.net/roa-canon/image/upload/c_scale,w_122/v1548780269/production/catalog/rfxx1bcmwy7zych1pmof.png"
        />
      </InlineImage>
      <InlineImage
        alt="Fuzzy Tiger Tee detail"
        className="roa-thumbnail"
        key="1"
        role="button"
        src="https://d2lknnt52h7uhg.cloudfront.net/roa-canon/image/upload/c_scale,w_122/v1548888910/production/catalog/jhpde0cdhl11lu9fa41o.png"
      >
        <img
          alt="Fuzzy Tiger Tee detail"
          className="roa-thumbnail"
          role="button"
          src="https://d2lknnt52h7uhg.cloudfront.net/roa-canon/image/upload/c_scale,w_122/v1548888910/production/catalog/jhpde0cdhl11lu9fa41o.png"
        />
      </InlineImage>
      <InlineImage
        alt="Fuzzy Tiger Tee on model"
        className="roa-thumbnail"
        key="2"
        role="button"
        src="https://d2lknnt52h7uhg.cloudfront.net/roa-canon/image/upload/c_scale,w_122/v1548897102/production/catalog/q5l42uiqm8orjia4j14m.jpg"
      >
        <img
          alt="Fuzzy Tiger Tee on model"
          className="roa-thumbnail"
          role="button"
          src="https://d2lknnt52h7uhg.cloudfront.net/roa-canon/image/upload/c_scale,w_122/v1548897102/production/catalog/q5l42uiqm8orjia4j14m.jpg"
        />
      </InlineImage>
    </div>
  </Component>
</Styled(Component)>
`;
