// Jest Snapshot v1, https://goo.gl/fbAQLP

exports[`(Styled Component) GrayCheckmark matching the snapshot 1`] = `
.c1 {
  width: 2.6rem;
  fill: none;
  stroke-width: 2;
}

.c1 > polyline {
  stroke-linecap: round;
  stroke-dasharray: 16;
  stroke-dashoffset: 0;
  -webkit-animation-name: gtzAxz;
  animation-name: gtzAxz;
  -webkit-animation-duration: 0.5s;
  animation-duration: 0.5s;
}

.c0 {
  stroke: #BFBFBF;
}

<Styled(Styled(UnstyledCheckmark))>
  <Styled(UnstyledCheckmark)
    className="c0"
    width="2.6rem"
  >
    <UnstyledCheckmark
      className="c0 c1"
      width="2.6rem"
    >
      <svg
        className="c0 c1"
        viewBox="0 0 26.5 26.5"
        width="2.6rem"
        xmlns="http://www.w3.org/2000/svg"
      >
        <polyline
          points="7,14 11,17.7 18.6,9.5"
        />
      </svg>
    </UnstyledCheckmark>
  </Styled(UnstyledCheckmark)>
</Styled(Styled(UnstyledCheckmark))>
`;
