// Jest Snapshot v1, https://goo.gl/fbAQLP

exports[`(Styled Components) SplitTout matching the snapshot 1`] = `
.c3 {
  -webkit-transition: color 0.25s ease-in-out,border-bottom-color 0.25s ease-in-out;
  transition: color 0.25s ease-in-out,border-bottom-color 0.25s ease-in-out;
  -webkit-text-decoration: none;
  text-decoration: none;
  text-transform: initial;
  border-bottom: 0.2rem solid;
  border-bottom-color: transparent;
  font-family: "ff-din-web",Helvetica,Arial,sans-serif;
  font-size: 1.4rem;
  font-weight: 500;
  font-style: normal;
}

.c3:hover {
  -webkit-text-decoration: none;
  text-decoration: none;
  pointer: cursor;
}

.c2 {
  color: #0073D1;
}

.c2:active,
.c2:focus,
.c2:hover,
.c2:visited {
  color: #00003C;
}

.c5 {
  color: #0073D1;
}

.c5:active,
.c5:focus,
.c5:hover,
.c5:visited {
  color: #00003C;
  border-bottom-color: #00003C;
}

.c4 {
  -webkit-letter-spacing: 0.5px;
  -moz-letter-spacing: 0.5px;
  -ms-letter-spacing: 0.5px;
  letter-spacing: 0.5px;
  color: #00003C;
  font-family: "ff-din-web",Helvetica,Arial,sans-serif;
  font-size: 1.8rem;
  font-weight: 500;
  font-style: italic;
  line-height: 1;
  margin: 2.4rem 0;
}

.c0 {
  box-sizing: border-box;
  border: 1rem solid #FFFFFF;
  display: -webkit-box;
  display: -webkit-flex;
  display: -ms-flexbox;
  display: flex;
  -webkit-flex-wrap: wrap;
  -ms-flex-wrap: wrap;
  flex-wrap: wrap;
}

.c0 > .c1 {
  display: inline-block;
  -webkit-flex: 1 1 50%;
  -ms-flex: 1 1 50%;
  flex: 1 1 50%;
}

.c0 > article {
  display: -webkit-box;
  display: -webkit-flex;
  display: -ms-flexbox;
  display: flex;
  width: 100%;
  -webkit-flex-wrap: wrap;
  -ms-flex-wrap: wrap;
  flex-wrap: wrap;
  -webkit-flex: 1 1 100%;
  -ms-flex: 1 1 100%;
  flex: 1 1 100%;
  background-color: #FFFFFF;
}

.c0 > article > * {
  display: -webkit-box;
  display: -webkit-flex;
  display: -ms-flexbox;
  display: flex;
  -webkit-box-pack: center;
  -webkit-justify-content: center;
  -ms-flex-pack: center;
  justify-content: center;
}

.c0 > article > .call-to-action {
  -webkit-flex: 1 1 50%;
  -ms-flex: 1 1 50%;
  flex: 1 1 50%;
}

.c0 > article > :not(.call-to-action) {
  -webkit-flex: 1 1 100%;
  -ms-flex: 1 1 100%;
  flex: 1 1 100%;
}

<Styled(BaseSplitTout)
  description="#### NEW ARRIVALS TO MAKE THEM JUMP, JUMP!"
  links={
    Array [
      Object {
        "destination": "https://www.example.com",
        "images": Object {
          "0": "https://via.placeholder.com/127x190",
          "200": "https://via.placeholder.com/280x426",
        },
        "text": "SHOP GIRLS",
      },
      Object {
        "destination": "https://www.example.com",
        "images": Object {
          "0": "https://via.placeholder.com/127x190",
          "200": "https://via.placeholder.com/280x426",
        },
        "text": "SHOP BOYS",
      },
    ]
  }
>
  <BaseSplitTout
    className="c0"
    description="#### NEW ARRIVALS TO MAKE THEM JUMP, JUMP!"
    links={
      Array [
        Object {
          "destination": "https://www.example.com",
          "images": Object {
            "0": "https://via.placeholder.com/127x190",
            "200": "https://via.placeholder.com/280x426",
          },
          "text": "SHOP GIRLS",
        },
        Object {
          "destination": "https://www.example.com",
          "images": Object {
            "0": "https://via.placeholder.com/127x190",
            "200": "https://via.placeholder.com/280x426",
          },
          "text": "SHOP BOYS",
        },
      ]
    }
  >
    <section
      className="c0"
    >
      <Styled(Styled(Component))
        href="https://www.example.com"
        key="0"
        underline={false}
      >
        <Styled(Component)
          className="c1 c2"
          fontFamily="\\"ff-din-web\\", Helvetica, Arial, sans-serif"
          fontSize="1.4rem"
          fontStyle="normal"
          fontWeight={500}
          href="https://www.example.com"
          underline={false}
          uppercase={false}
        >
          <Component
            className="c1 c2 c3"
            fontFamily="\\"ff-din-web\\", Helvetica, Arial, sans-serif"
            fontSize="1.4rem"
            fontStyle="normal"
            fontWeight={500}
            href="https://www.example.com"
            underline={false}
            uppercase={false}
          >
            <a
              className="c1 c2 c3"
              fontStyle="normal"
              href="https://www.example.com"
            >
              <SizeMe(BackgroundImage)
                sources={
                  Object {
                    "0": "https://via.placeholder.com/127x190",
                    "200": "https://via.placeholder.com/280x426",
                  }
                }
                src="https://via.placeholder.com/127x190"
              >
                <SizeMeRenderer(BackgroundImage)
                  disablePlaceholder={false}
                  explicitRef={[Function]}
                  size={
                    Object {
                      "height": undefined,
                      "position": undefined,
                      "width": undefined,
                    }
                  }
                  sources={
                    Object {
                      "0": "https://via.placeholder.com/127x190",
                      "200": "https://via.placeholder.com/280x426",
                    }
                  }
                  src="https://via.placeholder.com/127x190"
                >
                  <SizeMeReferenceWrapper>
                    <SizeMePlaceholder>
                      <div
                        style={
                          Object {
                            "height": "100%",
                            "width": "100%",
                          }
                        }
                      />
                    </SizeMePlaceholder>
                  </SizeMeReferenceWrapper>
                </SizeMeRenderer(BackgroundImage)>
              </SizeMe(BackgroundImage)>
            </a>
          </Component>
        </Styled(Component)>
      </Styled(Styled(Component))>
      <Styled(Styled(Component))
        href="https://www.example.com"
        key="1"
        underline={false}
      >
        <Styled(Component)
          className="c1 c2"
          fontFamily="\\"ff-din-web\\", Helvetica, Arial, sans-serif"
          fontSize="1.4rem"
          fontStyle="normal"
          fontWeight={500}
          href="https://www.example.com"
          underline={false}
          uppercase={false}
        >
          <Component
            className="c1 c2 c3"
            fontFamily="\\"ff-din-web\\", Helvetica, Arial, sans-serif"
            fontSize="1.4rem"
            fontStyle="normal"
            fontWeight={500}
            href="https://www.example.com"
            underline={false}
            uppercase={false}
          >
            <a
              className="c1 c2 c3"
              fontStyle="normal"
              href="https://www.example.com"
            >
              <SizeMe(BackgroundImage)
                sources={
                  Object {
                    "0": "https://via.placeholder.com/127x190",
                    "200": "https://via.placeholder.com/280x426",
                  }
                }
                src="https://via.placeholder.com/127x190"
              >
                <SizeMeRenderer(BackgroundImage)
                  disablePlaceholder={false}
                  explicitRef={[Function]}
                  size={
                    Object {
                      "height": undefined,
                      "position": undefined,
                      "width": undefined,
                    }
                  }
                  sources={
                    Object {
                      "0": "https://via.placeholder.com/127x190",
                      "200": "https://via.placeholder.com/280x426",
                    }
                  }
                  src="https://via.placeholder.com/127x190"
                >
                  <SizeMeReferenceWrapper>
                    <SizeMePlaceholder>
                      <div
                        style={
                          Object {
                            "height": "100%",
                            "width": "100%",
                          }
                        }
                      />
                    </SizeMePlaceholder>
                  </SizeMeReferenceWrapper>
                </SizeMeRenderer(BackgroundImage)>
              </SizeMe(BackgroundImage)>
            </a>
          </Component>
        </Styled(Component)>
      </Styled(Styled(Component))>
      <article>
        <Styled(Component)>
          <Component
            className=""
          >
            <ReactMarkdown
              astPlugins={Array []}
              escapeHtml={true}
              plugins={Array []}
              rawSourcePos={false}
              renderers={
                Object {
                  "heading": [Function],
                  "image": [Function],
                  "link": [Function],
                  "paragraph": [Function],
                  "thematicBreak": [Function],
                }
              }
              skipHtml={false}
              source="#### NEW ARRIVALS TO MAKE THEM JUMP, JUMP!"
              sourcePos={false}
              transformLinkUri={[Function]}
            >
              <Root
                key="root-1-1"
              >
                <headerRenderer
                  key="heading-1-1"
                  level={4}
                >
                  <styled.h4
                    fontSize="1.8rem"
                    margin="2.4rem 0"
                  >
                    <h4
                      className="c4"
                      fontSize="1.8rem"
                    >
                      <TextRenderer
                        key="text-1-6"
                        nodeKey="text-1-6"
                        value="NEW ARRIVALS TO MAKE THEM JUMP, JUMP!"
                      >
                        NEW ARRIVALS TO MAKE THEM JUMP, JUMP!
                      </TextRenderer>
                    </h4>
                  </styled.h4>
                </headerRenderer>
              </Root>
            </ReactMarkdown>
          </Component>
        </Styled(Component)>
        <span
          className="call-to-action"
          key="0"
        >
          <Styled(Styled(Component))
            href="https://www.example.com"
            underline={true}
          >
            <Styled(Component)
              className="c1 c5"
              fontFamily="\\"ff-din-web\\", Helvetica, Arial, sans-serif"
              fontSize="1.4rem"
              fontStyle="normal"
              fontWeight={500}
              href="https://www.example.com"
              underline={true}
              uppercase={false}
            >
              <Component
                className="c1 c5 c3"
                fontFamily="\\"ff-din-web\\", Helvetica, Arial, sans-serif"
                fontSize="1.4rem"
                fontStyle="normal"
                fontWeight={500}
                href="https://www.example.com"
                underline={true}
                uppercase={false}
              >
                <a
                  className="c1 c5 c3"
                  fontStyle="normal"
                  href="https://www.example.com"
                >
                  SHOP GIRLS
                </a>
              </Component>
            </Styled(Component)>
          </Styled(Styled(Component))>
        </span>
        <span
          className="call-to-action"
          key="1"
        >
          <Styled(Styled(Component))
            href="https://www.example.com"
            underline={true}
          >
            <Styled(Component)
              className="c1 c5"
              fontFamily="\\"ff-din-web\\", Helvetica, Arial, sans-serif"
              fontSize="1.4rem"
              fontStyle="normal"
              fontWeight={500}
              href="https://www.example.com"
              underline={true}
              uppercase={false}
            >
              <Component
                className="c1 c5 c3"
                fontFamily="\\"ff-din-web\\", Helvetica, Arial, sans-serif"
                fontSize="1.4rem"
                fontStyle="normal"
                fontWeight={500}
                href="https://www.example.com"
                underline={true}
                uppercase={false}
              >
                <a
                  className="c1 c5 c3"
                  fontStyle="normal"
                  href="https://www.example.com"
                >
                  SHOP BOYS
                </a>
              </Component>
            </Styled(Component)>
          </Styled(Styled(Component))>
        </span>
      </article>
    </section>
  </BaseSplitTout>
</Styled(BaseSplitTout)>
`;
