// Jest Snapshot v1, https://goo.gl/fbAQLP

exports[`(Component) CustomButton matching the snapshot 1`] = `
<CustomButton
  checkmark={[Function]}
  spinner={[Function]}
>
  <button>
    <span />
  </button>
</CustomButton>
`;

exports[`(Styled Component) BaseButton matching the snapshot 1`] = `
.c0 {
  box-sizing: border-box;
  height: 50px;
  padding: 0 01.5rem;
  text-align: center;
  -webkit-letter-spacing: 1px;
  -moz-letter-spacing: 1px;
  -ms-letter-spacing: 1px;
  letter-spacing: 1px;
  text-transform: uppercase;
  border-radius: .2rem;
  font-family: "ff-din-web",Helvetica,Arial,sans-serif;
  font-size: 1.4rem;
  font-weight: 500;
  -webkit-transition: background-color 0.25s ease-in, border-color 0.25s ease-in, color 0.25s ease-in;
  transition: background-color 0.25s ease-in, border-color 0.25s ease-in, color 0.25s ease-in;
}

.c0 .c1 {
  display: inline-block;
}

.c0:hover {
  cursor: pointer;
}

.c0:hover > * {
  cursor: pointer;
}

.c0:focus {
  outline: 0;
}

.c0,
.c0:active {
  border-style: solid;
  -webkit-transform: translateX(.2rem);
  -ms-transform: translateX(.2rem);
  transform: translateX(.2rem);
}

.c0 > span {
  display: -webkit-box;
  display: -webkit-flex;
  display: -ms-flexbox;
  display: flex;
  -webkit-box-pack: center;
  -webkit-justify-content: center;
  -ms-flex-pack: center;
  justify-content: center;
  -webkit-align-items: center;
  -webkit-box-align: center;
  -ms-flex-align: center;
  align-items: center;
}

.c0 > span > * {
  vertical-align: middle;
}

<Styled(CustomButton)
  checkmark={[Function]}
  spinner={[Function]}
>
  <CustomButton
    checkmark={[Function]}
    className="c0"
    spinner={[Function]}
  >
    <button
      className="c0"
    >
      <span />
    </button>
  </CustomButton>
</Styled(CustomButton)>
`;
