// Jest Snapshot v1, https://goo.gl/fbAQLP

exports[`(Styled Component) CustomerQuotes matching the snapshot 1`] = `
.c0 {
  display: -webkit-box;
  display: -webkit-flex;
  display: -ms-flexbox;
  display: flex;
  -webkit-flex-wrap: wrap;
  -ms-flex-wrap: wrap;
  flex-wrap: wrap;
  max-width: 1440px;
  margin: 0 auto;
  padding: 0 3%;
  margin-top: 4rem;
  margin-bottom: 2rem;
  -webkit-align-items: flex-start;
  -webkit-box-align: flex-start;
  -ms-flex-align: flex-start;
  align-items: flex-start;
}

.c0 .c1,
.c0 .c2,
.c0 .c3 {
  text-align: center;
}

.c0 .c2,
.c0 .c3 {
  color: #0073D1;
  display: -webkit-box;
  display: -webkit-flex;
  display: -ms-flexbox;
  display: flex;
  -webkit-box-pack: center;
  -webkit-justify-content: center;
  -ms-flex-pack: center;
  justify-content: center;
  -webkit-align-items: center;
  -webkit-box-align: center;
  -ms-flex-align: center;
  align-items: center;
  height: 100%;
  margin-top: 0;
  margin-bottom: 0;
  font-style: italic;
  -webkit-order: 1;
  -ms-flex-order: 1;
  order: 1;
}

.c0 .c2 {
  margin-top: 1rem;
  min-height: 5rem;
}

.c0 .c3 {
  margin-top: 2rem;
  margin-bottom: 2rem;
  min-height: 1rem;
}

.c0 .quote_controller {
  display: -webkit-box;
  display: -webkit-flex;
  display: -ms-flexbox;
  display: flex;
  -webkit-flex-wrap: wrap;
  -ms-flex-wrap: wrap;
  flex-wrap: wrap;
  -webkit-box-pack: center;
  -webkit-justify-content: center;
  -ms-flex-pack: center;
  justify-content: center;
  -webkit-align-items: center;
  -webkit-box-align: center;
  -ms-flex-align: center;
  align-items: center;
  -webkit-order: 1;
  -ms-flex-order: 1;
  order: 1;
}

.c0 .confetti {
  height: auto;
}

.c0 .confetti:first-of-type {
  -webkit-order: 2;
  -ms-flex-order: 2;
  order: 2;
}

.c0 .confetti:last-of-type {
  -webkit-order: 3;
  -ms-flex-order: 3;
  order: 3;
}

@media (min-width:76.8em) {
  .c0 {
    padding: 0 7%;
  }
}

@media (min-width:76.8em) {
  .c0 {
    margin-top: 6rem;
  }
}

@media (min-width:76.8em) {
  .c0 .c2,
  .c0 .c3 {
    -webkit-order: 2;
    -ms-flex-order: 2;
    order: 2;
  }
}

@media (min-width:76.8em) {
  .c0 .quote_controller {
    -webkit-order: 2;
    -ms-flex-order: 2;
    order: 2;
  }
}

@media (min-width:76.8em) {
  .c0 .confetti:first-of-type {
    -webkit-order: 1;
    -ms-flex-order: 1;
    order: 1;
  }
}

<BaseCustomerQuotes
  className="c0"
  constrained={true}
  header="WHAT AWESOME PARENTS (LIKE YOU!) ARE SAYING"
  padding={true}
  quotes={
    Array [
      Object {
        "quote": "“These are real clothes to LIVE and PLAY in! My son is full of personality and wears Rockets of Awesome to reflect that.”",
        "signature": "— Andrea, Dallas TX",
      },
      Object {
        "quote": "“My spunky daughter loves to be an original and love that we've found a brand that can help her define her unique sense of self!”",
        "signature": "— Maddie, Cincinnati OH",
      },
      Object {
        "quote": "“My son loves your stuff more than any of his other clothes, and digs through his drawers to find them! I’m not sure if it’s the super-softness or the graphics, but thank you!”",
        "signature": "— Courtney, Philadelphia PA",
      },
      Object {
        "quote": "“It’s great to see my kids feel so confident that what they’re wearing expresses who they are as individuals.”",
        "signature": "— Robin, Brooklyn NY",
      },
    ]
  }
/>
`;
