// Jest Snapshot v1, https://goo.gl/fbAQLP

exports[`(Styled Component) H2 matching the snapshot 1`] = `
.c0 {
  -webkit-letter-spacing: .05rem;
  -moz-letter-spacing: .05rem;
  -ms-letter-spacing: .05rem;
  letter-spacing: .05rem;
  text-transform: uppercase;
  color: #00003C;
  font-family: "din-cond","din-condensed-web",Arial,sans-serif;
  font-size: 2.4rem;
  font-weight: 500;
  line-height: 1.0625;
  margin: 2.6rem 0;
}

@media (min-width:769px) {
  .c0 {
    font-size: 3.2rem;
  }
}

<h2
  className="c0"
  color="textPrimary"
/>
`;
