// Jest Snapshot v1, https://goo.gl/fbAQLP

exports[`(Styled Component) H6 matching the snapshot 1`] = `
.c0 {
  -webkit-letter-spacing: .075rem;
  -moz-letter-spacing: .075rem;
  -ms-letter-spacing: .075rem;
  letter-spacing: .075rem;
  color: #00003C;
  text-align: inherit;
  font-family: "ff-din-web",Helvetica,Arial,sans-serif;
  font-size: 1.4rem;
  font-weight: 500;
  font-style: italic;
  line-height: 1;
  margin: 3.2rem 0;
}

<h6
  className="c0"
  fontSize="1.4rem"
/>
`;
