// Jest Snapshot v1, https://goo.gl/fbAQLP

exports[`(Styled Component) P matching the snapshot 1`] = `
.c0 {
  -webkit-letter-spacing: normal;
  -moz-letter-spacing: normal;
  -ms-letter-spacing: normal;
  letter-spacing: normal;
  font-family: "ff-din-web",Helvetica,Arial,sans-serif;
  font-size: 1.6rem;
  line-height: normal;
  text-align: inherit;
  margin-top: 0;
  margin-bottom: 0;
  color: #00003C;
}

<p
  className="c0"
  color="textPrimary"
  fontSize="1.6rem"
/>
`;
