// Jest Snapshot v1, https://goo.gl/fbAQLP

exports[`(Styled Component) BackgroundVideo matching the snapshot 1`] = `
.c0 {
  position: relative;
}

.c0 > video {
  width: 100%;
}

.c0 > article {
  position: absolute;
  top: 0;
  left: 0;
  right: 0;
  bottom: 0;
}

<Styled(BaseBackgroundVideo)
  size={
    Object {
      "width": 300,
    }
  }
  sources={
    Object {
      "0": "https://videos.ctfassets.net/8hhsfnb6grdi/7Iiffn2YxDIeMNqnG80As5/01aa536f3cd8ce2daa6d33b9b9c21543/ROA_Test01_Mobile.mp4",
      "768": "https://videos.ctfassets.net/8hhsfnb6grdi/4vn6I5vreD5xJGa24tBcLX/f9fa268493031b19e2610b4b4a66381d/ROA_Test01_1.mp4",
    }
  }
>
  <BaseBackgroundVideo
    className="c0"
    size={
      Object {
        "width": 300,
      }
    }
    sources={
      Object {
        "0": "https://videos.ctfassets.net/8hhsfnb6grdi/7Iiffn2YxDIeMNqnG80As5/01aa536f3cd8ce2daa6d33b9b9c21543/ROA_Test01_Mobile.mp4",
        "768": "https://videos.ctfassets.net/8hhsfnb6grdi/4vn6I5vreD5xJGa24tBcLX/f9fa268493031b19e2610b4b4a66381d/ROA_Test01_1.mp4",
      }
    }
  >
    <section
      className="c0"
      sources={
        Object {
          "0": "https://videos.ctfassets.net/8hhsfnb6grdi/7Iiffn2YxDIeMNqnG80As5/01aa536f3cd8ce2daa6d33b9b9c21543/ROA_Test01_Mobile.mp4",
          "768": "https://videos.ctfassets.net/8hhsfnb6grdi/4vn6I5vreD5xJGa24tBcLX/f9fa268493031b19e2610b4b4a66381d/ROA_Test01_1.mp4",
        }
      }
    >
      <Video
        autoPlay={true}
        loop={true}
        muted={true}
        playsInline={true}
        sources="https://videos.ctfassets.net/8hhsfnb6grdi/7Iiffn2YxDIeMNqnG80As5/01aa536f3cd8ce2daa6d33b9b9c21543/ROA_Test01_Mobile.mp4"
      >
        <video
          autoPlay={true}
          loop={true}
          muted={true}
          playsInline={true}
        >
          <source
            key="0"
            src="https://videos.ctfassets.net/8hhsfnb6grdi/7Iiffn2YxDIeMNqnG80As5/01aa536f3cd8ce2daa6d33b9b9c21543/ROA_Test01_Mobile.mp4"
            type="video/mp4"
          />
        </video>
      </Video>
      <article>
        <h1>
          Hello
        </h1>
      </article>
    </section>
  </BaseBackgroundVideo>
</Styled(BaseBackgroundVideo)>
`;
