// Jest Snapshot v1, https://goo.gl/fbAQLP

exports[`() RichText matching the snapshot 1`] = `
<Styled(RichText)
  richText={
    Object {
      "content": Array [
        Object {
          "content": Array [
            Object {
              "data": Object {},
              "marks": Array [],
              "nodeType": "text",
              "value": "'Tis the season for awesome new arrivals",
            },
          ],
          "data": Object {},
          "nodeType": "heading-1",
        },
        Object {
          "content": Array [
            Object {
              "data": Object {},
              "marks": Array [],
              "nodeType": "text",
              "value": "\\"All is bright\\" (and sparkly... and soft...)
    starts here.",
            },
          ],
          "data": Object {},
          "nodeType": "paragraph",
        },
        Object {
          "content": Array [],
          "data": Object {
            "target": Object {
              "fields": Object {
                "file": Object {
                  "contentType": "image/png",
                  "details": Object {
                    "image": Object {
                      "height": 1200,
                      "width": 1200,
                    },
                    "size": 43785,
                  },
                  "fileName": "1200px-Noto_Emoji_KitKat_263a.svg.png",
                  "url": "//images.ctfassets.net/8viklopqoo0g/c6m6Gj2LgA2CY0coYswau/7c69cd41a6fbb4dcf9e594bff236fc6c/1200px-Noto_Emoji_KitKat_263a.svg.png",
                },
                "title": "google-smile-emoji.svg",
              },
              "sys": Object {
                "createdAt": "2019-01-09T19:01:35.674Z",
                "environment": Object {
                  "sys": Object {
                    "id": "master",
                    "linkType": "Environment",
                    "type": "Link",
                  },
                },
                "id": "c6m6Gj2LgA2CY0coYswau",
                "locale": "en-US",
                "revision": 1,
                "space": Object {
                  "sys": Object {
                    "id": "8viklopqoo0g",
                    "linkType": "Space",
                    "type": "Link",
                  },
                },
                "type": "Asset",
                "updatedAt": "2019-01-09T19:01:57.533Z",
              },
            },
          },
          "nodeType": "embedded-asset-block",
        },
        Object {
          "content": Array [
            Object {
              "data": Object {},
              "marks": Array [],
              "nodeType": "text",
              "value": "",
            },
          ],
          "data": Object {},
          "nodeType": "paragraph",
        },
        Object {
          "content": Array [
            Object {
              "data": Object {},
              "marks": Array [],
              "nodeType": "text",
              "value": "",
            },
            Object {
              "content": Array [],
              "data": Object {
                "target": Object {
                  "fields": Object {
                    "buttonText": "SHOP ALL BOYS",
                    "route": "/shop/boys",
                  },
                  "sys": Object {
                    "contentType": Object {
                      "sys": Object {
                        "id": "heroButton",
                        "linkType": "ContentType",
                        "type": "Link",
                      },
                    },
                    "createdAt": "2018-10-08T20:01:50.639Z",
                    "environment": Object {
                      "sys": Object {
                        "id": "master",
                        "linkType": "Environment",
                        "type": "Link",
                      },
                    },
                    "id": "6czHNxFwYg0QUGwgguSmQw",
                    "locale": "en-US",
                    "revision": 3,
                    "space": Object {
                      "sys": Object {
                        "id": "8viklopqoo0g",
                        "linkType": "Space",
                        "type": "Link",
                      },
                    },
                    "type": "Entry",
                    "updatedAt": "2018-11-15T21:43:34.893Z",
                  },
                },
              },
              "nodeType": "embedded-entry-inline",
            },
            Object {
              "data": Object {},
              "marks": Array [],
              "nodeType": "text",
              "value": "",
            },
          ],
          "data": Object {},
          "nodeType": "paragraph",
        },
        Object {
          "content": Array [
            Object {
              "data": Object {},
              "marks": Array [],
              "nodeType": "text",
              "value": "",
            },
            Object {
              "content": Array [],
              "data": Object {
                "target": Object {
                  "fields": Object {
                    "buttonText": "SHOP ALL GIRLS",
                    "route": "/shop/girls",
                  },
                  "sys": Object {
                    "contentType": Object {
                      "sys": Object {
                        "id": "heroButton",
                        "linkType": "ContentType",
                        "type": "Link",
                      },
                    },
                    "createdAt": "2018-10-08T20:01:18.667Z",
                    "environment": Object {
                      "sys": Object {
                        "id": "master",
                        "linkType": "Environment",
                        "type": "Link",
                      },
                    },
                    "id": "x9kTofv9O80iyegI6uqGC",
                    "locale": "en-US",
                    "revision": 3,
                    "space": Object {
                      "sys": Object {
                        "id": "8viklopqoo0g",
                        "linkType": "Space",
                        "type": "Link",
                      },
                    },
                    "type": "Entry",
                    "updatedAt": "2018-11-15T21:43:16.174Z",
                  },
                },
              },
              "nodeType": "embedded-entry-inline",
            },
            Object {
              "data": Object {},
              "marks": Array [],
              "nodeType": "text",
              "value": "",
            },
          ],
          "data": Object {},
          "nodeType": "paragraph",
        },
      ],
      "data": Object {},
      "nodeType": "document",
    }
  }
/>
`;
