// Jest Snapshot v1, https://goo.gl/fbAQLP

exports[`(Styled Component) QuickAdd matching the snapshot 1`] = `
.c1 {
  display: none;
}

.c3 {
  -webkit-letter-spacing: normal;
  -moz-letter-spacing: normal;
  -ms-letter-spacing: normal;
  letter-spacing: normal;
  font-family: "ff-din-web",Helvetica,Arial,sans-serif;
  font-size: 1.6rem;
  line-height: normal;
  text-align: inherit;
  margin-top: 0;
  margin-bottom: 0;
  color: #00003C;
}

.c0 {
  width: 100%;
  position: relative;
}

.c0 .roa-quick-add {
  position: absolute;
  bottom: 2.2rem;
  left: 0;
  right: 0;
  background-color: #FFFFFF;
  box-shadow: 0.1rem 0.2rem 0.4rem -0.1rem rgba(0,0,0,0.21);
}

.c0 .roa-quick-add .c2 {
  text-transform: uppercase;
  text-align: center;
  padding: 0.8rem 0;
}

@media (min-width:961px) {
  .c1 {
    display: block;
  }
}

<Styled(QuickAdd)
  defaultProps={
    Object {
      "show": false,
    }
  }
>
  <QuickAdd
    className="c0"
    defaultProps={
      Object {
        "show": false,
      }
    }
    onMouseEnter={[Function]}
    onMouseLeave={[Function]}
    show={[Function]}
  >
    <div
      className="c0"
      onMouseEnter={[Function]}
      onMouseLeave={[Function]}
    >
      <Styled(Component)
        className="roa-quick-add"
        display="block"
        element="div"
        onMouseEnter={[Function]}
        onMouseLeave={[Function]}
      >
        <Component
          className="roa-quick-add c1"
          display="block"
          element="div"
          onMouseEnter={[Function]}
          onMouseLeave={[Function]}
        >
          <div
            className="roa-quick-add c1"
            display="block"
            onMouseEnter={[Function]}
            onMouseLeave={[Function]}
          >
            <styled.p
              align="inherit"
              color="textPrimary"
              fontSize="1.6rem"
              marginBottom="none"
              marginTop="none"
            >
              <p
                className="c2 c3"
                color="textPrimary"
                fontSize="1.6rem"
              >
                Add to Bag
              </p>
            </styled.p>
          </div>
        </Component>
      </Styled(Component)>
    </div>
  </QuickAdd>
</Styled(QuickAdd)>
`;
