// Jest Snapshot v1, https://goo.gl/fbAQLP

exports[`(Component) BaseBagIcon matching the snapshot 1`] = `
<svg
  version="1.1"
  viewBox="0 0 20 17"
>
  <polygon
    points="10.5 14.69 10.6 8.79 0.5 8.79 0.5 14.69 2.6 16.49 8.7 16.49 10.5 14.69"
  />
  <path
    d="M3.1,8.39v-1A2.43,2.43,0,0,1,5.5,5a2.43,2.43,0,0,1,2.4,2.4v1Z"
  />
</svg>
`;

exports[`(Styled Component) BagIcon matching the snapshot 1`] = `
.c0 {
  width: 2rem;
}

.c0 > polygon,
.c0 path {
  fill: none;
  stroke: #0073D1;
  stroke-linecap: round;
  stroke-linejoin: round;
}

.c0 > g circle {
  fill: #0073D1;
}

.c0 > g text {
  fill: #FFFFFF;
  font-family: "ff-din-web",Helvetica,Arial,sans-serif;
  font-size: 1rem;
  font-weight: 500;
  -webkit-letter-spacing: 0;
  -moz-letter-spacing: 0;
  -ms-letter-spacing: 0;
  letter-spacing: 0;
}

.c0 .screenReader {
  font-size: 0;
}

<BaseBagIcon
  className="c0"
  width="2rem"
/>
`;
