// Jest Snapshot v1, https://goo.gl/fbAQLP

exports[`() Gallery matching the snapshot 1`] = `
.c1 {
  display: none;
}

.c6 {
  display: none;
}

.c2 {
  -webkit-flex-basis: 100%;
  -ms-flex-preferred-size: 100%;
  flex-basis: 100%;
  display: -webkit-box;
  display: -webkit-flex;
  display: -ms-flexbox;
  display: flex;
  -webkit-flex-wrap: wrap;
  -ms-flex-wrap: wrap;
  flex-wrap: wrap;
  max-width: 100%;
  margin-left: 10px;
  margin-right: 10px;
  -webkit-align-items: stretch;
  -webkit-box-align: stretch;
  -ms-flex-align: stretch;
  align-items: stretch;
}

.c3 {
  box-sizing: border-box;
  max-width: 100%;
  -webkit-flex-basis: 100%;
  -ms-flex-preferred-size: 100%;
  flex-basis: 100%;
  padding-left: 5px;
  padding-right: 5px;
}

.c5 {
  box-sizing: border-box;
  max-width: 100%;
  -webkit-flex-basis: 100%;
  -ms-flex-preferred-size: 100%;
  flex-basis: 100%;
  padding-left: 5px;
  padding-right: 5px;
}

.c4 {
  display: -webkit-inline-box;
  display: -webkit-inline-flex;
  display: -ms-inline-flexbox;
  display: inline-flex;
  -webkit-flex-direction: column;
  -ms-flex-direction: column;
  flex-direction: column;
}

.c4 .roa-thumbnail {
  margin-bottom: 1.5rem;
  width: 100%;
  border: 1px solid transparent;
  -webkit-transition: border-color 0.25s ease-in-out;
  transition: border-color 0.25s ease-in-out;
}

.c4 .roa-thumbnail:hover {
  cursor: pointer;
}

.c4 .roa-thumbnail.active {
  border-color: #0073D1;
}

.c0 .imageZoom {
  z-index: 1;
}

.c0 .slider .image {
  width: 100%;
}

.c0 .dots {
  position: absolute;
  bottom: 15px;
  display: block;
  width: 100%;
  padding: 0;
  margin: 0;
  list-style: none;
  text-align: center;
}

.c0 .dots li {
  position: relative;
  display: inline-block;
  width: 7px;
  height: 7px;
  margin: 0 2px;
  padding: 0;
  cursor: pointer;
}

.c0 .dots li button {
  font-size: 0;
  line-height: 0;
  display: block;
  width: 7px;
  height: 7px;
  padding: 2px;
  cursor: pointer;
  color: transparent;
  border: 0;
  outline: none;
  background: transparent;
}

.c0 .dots li button:hover,
.c0 .dots li button:focus {
  outline: none;
}

.c0 .dots li button:hover:before,
.c0 .dots li button:focus:before {
  opacity: 1;
}

.c0 .dots li button:before {
  font-family: 'slick';
  font-size: 6px;
  line-height: 5px;
  position: absolute;
  top: 0;
  left: 0;
  width: 7px;
  height: 7px;
  content: '•';
  text-align: center;
  border: #00003C solid 2px;
  border-radius: 15px;
  -webkit-font-smoothing: antialiased;
  -moz-osx-font-smoothing: grayscale;
  box-sizing: border-box;
}

.c0 .dots .slick-active button:before {
  background-color: #00003C !important;
  border: 2px solid transparent!important;
}

@media (min-width:1280px) {
  .c1 {
    display: block;
  }
}

@media (max-width:1280px) {
  .c6 {
    display: block;
  }
}

@media (min-width:76.8em) {
  .c2 {
    margin-left: 20px;
    margin-right: 20px;
  }
}

@media (min-width:1280px) {
  .c3 {
    max-width: 16.666666666666664%;
    -webkit-flex-basis: 16.666666666666664%;
    -ms-flex-preferred-size: 16.666666666666664%;
    flex-basis: 16.666666666666664%;
  }
}

@media (min-width:1280px) {
  .c5 {
    max-width: 83.33333333333334%;
    -webkit-flex-basis: 83.33333333333334%;
    -ms-flex-preferred-size: 83.33333333333334%;
    flex-basis: 83.33333333333334%;
  }
}

@media (min-width:768px) {
  .c0 .slider {
    width: 75%;
    margin-left: auto;
    margin-right: auto;
  }
}

@media (min-width:960px) {
  .c0 .slider {
    width: 50%;
  }
}

<WithTheme(Styled(BaseGallery))
  activeImage={0}
  images={
    Array [
      Object {
        "alt": "Cool Down Active Short on model",
        "src": "production/catalog/bi5flgfpxbyr9tp2xkd9",
      },
      Object {
        "alt": "Cool Down Active Short on model",
        "src": "production/catalog/hhdgxghcpc17xho1pngc",
      },
      Object {
        "alt": "Fuzzy Tiger Tee on model",
        "src": "production/catalog/q5l42uiqm8orjia4j14m",
      },
      Object {
        "alt": "Fuzzy Tiger Tee front",
        "src": "production/catalog/rfxx1bcmwy7zych1pmof",
      },
      Object {
        "alt": "Fuzzy Tiger Tee detail",
        "src": "production/catalog/jhpde0cdhl11lu9fa41o",
      },
      Object {
        "alt": "Cool Down Active Short front",
        "src": "production/catalog/xrpiecxqwmiso3acxucc",
      },
      Object {
        "alt": "Cool Down Active Short back",
        "src": "production/catalog/wmwxd0bxeavdtgt0uqzx",
      },
    ]
  }
>
  <Styled(BaseGallery)
    activeImage={0}
    images={
      Array [
        Object {
          "alt": "Cool Down Active Short on model",
          "src": "production/catalog/bi5flgfpxbyr9tp2xkd9",
        },
        Object {
          "alt": "Cool Down Active Short on model",
          "src": "production/catalog/hhdgxghcpc17xho1pngc",
        },
        Object {
          "alt": "Fuzzy Tiger Tee on model",
          "src": "production/catalog/q5l42uiqm8orjia4j14m",
        },
        Object {
          "alt": "Fuzzy Tiger Tee front",
          "src": "production/catalog/rfxx1bcmwy7zych1pmof",
        },
        Object {
          "alt": "Fuzzy Tiger Tee detail",
          "src": "production/catalog/jhpde0cdhl11lu9fa41o",
        },
        Object {
          "alt": "Cool Down Active Short front",
          "src": "production/catalog/xrpiecxqwmiso3acxucc",
        },
        Object {
          "alt": "Cool Down Active Short back",
          "src": "production/catalog/wmwxd0bxeavdtgt0uqzx",
        },
      ]
    }
    theme={
      Object {
        "base": undefined,
        "breakpoints": Object {
          "aboveDesktop": "(min-width: 1440px)",
          "aboveLaptop": "(min-width: 1280px)",
          "abovePhone": "(min-width: 320px)",
          "abovePhoneMax": "(min-width: 414px)",
          "aboveTablet": "(min-width: 768px)",
          "aboveTabletMax": "(min-width: 960px)",
          "belowDesktop": "(max-width: 1440px)",
          "belowLaptop": "(max-width: 1280px)",
          "belowPhone": "(max-width: 320px)",
          "belowPhoneMax": "(max-width: 414px)",
          "belowTablet": "(max-width: 768px)",
          "belowTabletMax": "(max-width: 960px)",
          "landscape": "(orientation: landscape)",
          "portrait": "(orientation: portrait)",
        },
        "breakpointsVerbose": Object {
          "aboveDesktop": [Function],
          "aboveLaptop": [Function],
          "abovePhone": [Function],
          "abovePhoneMax": [Function],
          "aboveTablet": [Function],
          "aboveTabletMax": [Function],
          "belowDesktop": [Function],
          "belowLaptop": [Function],
          "belowPhone": [Function],
          "belowPhoneMax": [Function],
          "belowTablet": [Function],
          "belowTabletMax": [Function],
          "landscape": [Function],
          "portrait": [Function],
        },
        "colors": Object {
          "black": "#000000",
          "electricBlue": "#080CF1",
          "gray": Array [
            "#F3F3F3",
            "#F5F5F5",
            "#F8F8F8",
            "#E6E6E6",
            "#D5D5D5",
            "#CFCFCF",
          ],
          "gray0": "#F3F3F3",
          "gray1": "#F5F5F5",
          "gray2": "#F8F8F8",
          "gray3": "#E6E6E6",
          "gray4": "#D5D5D5",
          "gray5": "#CFCFCF",
          "lightBlue": Array [
            "#EEFCFF",
            "#BCE1F7",
            "#76C2F3",
          ],
          "lightBlue0": "#EEFCFF",
          "lightBlue1": "#BCE1F7",
          "lightBlue2": "#76C2F3",
          "lightPink": "#FBDDE4",
          "loading": "#BFBFBF",
          "navy": "#00003C",
          "pink": "#FEACBE",
          "red": "#FF511C",
          "rocketBlue": "#0073D1",
          "rocketBlueHover": "#0073EB",
          "shadyLady": "#979797",
          "white": "#FFFFFF",
          "yellow": "#F0FF02",
          "yellowHover": "#D8E320",
        },
        "fixedPosition": "relative",
        "fonts": Object {
          "headerFont": "\\"din-cond\\", \\"din-condensed-web\\", Arial, sans-serif",
          "primaryFont": "\\"ff-din-web\\", Helvetica, Arial, sans-serif",
          "secondaryFont": "\\"adobe-caslon-pro\\", Helvetica, Arial, serif",
        },
        "grid": Object {
          "columns": Object {
            "desktop": 12,
            "mobile": 4,
            "tablet": 12,
          },
          "gutter": 2,
          "margins": Object {
            "desktop": "7%",
            "mobile": "3%",
            "tablet": "7%",
          },
        },
        "media": Object {
          "desktop": [Function],
          "laptop": [Function],
          "phone": [Function],
          "phoneMax": [Function],
          "tablet": [Function],
          "tabletMax": [Function],
        },
      }
    }
  >
    <BaseGallery
      activeImage={0}
      className="c0"
      images={
        Array [
          Object {
            "alt": "Cool Down Active Short on model",
            "src": "production/catalog/bi5flgfpxbyr9tp2xkd9",
          },
          Object {
            "alt": "Cool Down Active Short on model",
            "src": "production/catalog/hhdgxghcpc17xho1pngc",
          },
          Object {
            "alt": "Fuzzy Tiger Tee on model",
            "src": "production/catalog/q5l42uiqm8orjia4j14m",
          },
          Object {
            "alt": "Fuzzy Tiger Tee front",
            "src": "production/catalog/rfxx1bcmwy7zych1pmof",
          },
          Object {
            "alt": "Fuzzy Tiger Tee detail",
            "src": "production/catalog/jhpde0cdhl11lu9fa41o",
          },
          Object {
            "alt": "Cool Down Active Short front",
            "src": "production/catalog/xrpiecxqwmiso3acxucc",
          },
          Object {
            "alt": "Cool Down Active Short back",
            "src": "production/catalog/wmwxd0bxeavdtgt0uqzx",
          },
        ]
      }
      theme={
        Object {
          "base": undefined,
          "breakpoints": Object {
            "aboveDesktop": "(min-width: 1440px)",
            "aboveLaptop": "(min-width: 1280px)",
            "abovePhone": "(min-width: 320px)",
            "abovePhoneMax": "(min-width: 414px)",
            "aboveTablet": "(min-width: 768px)",
            "aboveTabletMax": "(min-width: 960px)",
            "belowDesktop": "(max-width: 1440px)",
            "belowLaptop": "(max-width: 1280px)",
            "belowPhone": "(max-width: 320px)",
            "belowPhoneMax": "(max-width: 414px)",
            "belowTablet": "(max-width: 768px)",
            "belowTabletMax": "(max-width: 960px)",
            "landscape": "(orientation: landscape)",
            "portrait": "(orientation: portrait)",
          },
          "breakpointsVerbose": Object {
            "aboveDesktop": [Function],
            "aboveLaptop": [Function],
            "abovePhone": [Function],
            "abovePhoneMax": [Function],
            "aboveTablet": [Function],
            "aboveTabletMax": [Function],
            "belowDesktop": [Function],
            "belowLaptop": [Function],
            "belowPhone": [Function],
            "belowPhoneMax": [Function],
            "belowTablet": [Function],
            "belowTabletMax": [Function],
            "landscape": [Function],
            "portrait": [Function],
          },
          "colors": Object {
            "black": "#000000",
            "electricBlue": "#080CF1",
            "gray": Array [
              "#F3F3F3",
              "#F5F5F5",
              "#F8F8F8",
              "#E6E6E6",
              "#D5D5D5",
              "#CFCFCF",
            ],
            "gray0": "#F3F3F3",
            "gray1": "#F5F5F5",
            "gray2": "#F8F8F8",
            "gray3": "#E6E6E6",
            "gray4": "#D5D5D5",
            "gray5": "#CFCFCF",
            "lightBlue": Array [
              "#EEFCFF",
              "#BCE1F7",
              "#76C2F3",
            ],
            "lightBlue0": "#EEFCFF",
            "lightBlue1": "#BCE1F7",
            "lightBlue2": "#76C2F3",
            "lightPink": "#FBDDE4",
            "loading": "#BFBFBF",
            "navy": "#00003C",
            "pink": "#FEACBE",
            "red": "#FF511C",
            "rocketBlue": "#0073D1",
            "rocketBlueHover": "#0073EB",
            "shadyLady": "#979797",
            "white": "#FFFFFF",
            "yellow": "#F0FF02",
            "yellowHover": "#D8E320",
          },
          "fixedPosition": "relative",
          "fonts": Object {
            "headerFont": "\\"din-cond\\", \\"din-condensed-web\\", Arial, sans-serif",
            "primaryFont": "\\"ff-din-web\\", Helvetica, Arial, sans-serif",
            "secondaryFont": "\\"adobe-caslon-pro\\", Helvetica, Arial, serif",
          },
          "grid": Object {
            "columns": Object {
              "desktop": 12,
              "mobile": 4,
              "tablet": 12,
            },
            "gutter": 2,
            "margins": Object {
              "desktop": "7%",
              "mobile": "3%",
              "tablet": "7%",
            },
          },
          "media": Object {
            "desktop": [Function],
            "laptop": [Function],
            "phone": [Function],
            "phoneMax": [Function],
            "tablet": [Function],
            "tabletMax": [Function],
          },
        }
      }
    >
      <div
        className="c0"
      >
        <Styled(Component)
          element="div"
        >
          <Component
            className="c1"
            element="div"
          >
            <div
              className="c1"
            >
              <Styled(Component)
                element="div"
              >
                <Component
                  className="c2"
                  element="div"
                >
                  <div
                    className="c2"
                  >
                    <Styled(Component)
                      active="production/catalog/bi5flgfpxbyr9tp2xkd9"
                      columns={
                        Object {
                          "desktop": 12,
                          "mobile": 4,
                        }
                      }
                      desktop={
                        Object {
                          "width": 2,
                        }
                      }
                      element={[Function]}
                      mobile={
                        Object {
                          "width": 4,
                        }
                      }
                      onClick={[Function]}
                      thumbnails={
                        Array [
                          Object {
                            "alt": "Cool Down Active Short on model",
                            "src": "https://d2lknnt52h7uhg.cloudfront.net/roa-canon/image/upload/c_fit,w_120/v1/production/catalog/bi5flgfpxbyr9tp2xkd9.jpg",
                          },
                          Object {
                            "alt": "Cool Down Active Short on model",
                            "src": "https://d2lknnt52h7uhg.cloudfront.net/roa-canon/image/upload/c_fit,w_120/v1/production/catalog/hhdgxghcpc17xho1pngc.jpg",
                          },
                          Object {
                            "alt": "Fuzzy Tiger Tee on model",
                            "src": "https://d2lknnt52h7uhg.cloudfront.net/roa-canon/image/upload/c_fit,w_120/v1/production/catalog/q5l42uiqm8orjia4j14m.jpg",
                          },
                          Object {
                            "alt": "Fuzzy Tiger Tee front",
                            "src": "https://d2lknnt52h7uhg.cloudfront.net/roa-canon/image/upload/c_fit,w_120/v1/production/catalog/rfxx1bcmwy7zych1pmof.jpg",
                          },
                          Object {
                            "alt": "Fuzzy Tiger Tee detail",
                            "src": "https://d2lknnt52h7uhg.cloudfront.net/roa-canon/image/upload/c_fit,w_120/v1/production/catalog/jhpde0cdhl11lu9fa41o.jpg",
                          },
                          Object {
                            "alt": "Cool Down Active Short front",
                            "src": "https://d2lknnt52h7uhg.cloudfront.net/roa-canon/image/upload/c_fit,w_120/v1/production/catalog/xrpiecxqwmiso3acxucc.jpg",
                          },
                          Object {
                            "alt": "Cool Down Active Short back",
                            "src": "https://d2lknnt52h7uhg.cloudfront.net/roa-canon/image/upload/c_fit,w_120/v1/production/catalog/wmwxd0bxeavdtgt0uqzx.jpg",
                          },
                        ]
                      }
                    >
                      <Component
                        active="production/catalog/bi5flgfpxbyr9tp2xkd9"
                        className="c3"
                        columns={
                          Object {
                            "desktop": 12,
                            "mobile": 4,
                          }
                        }
                        desktop={
                          Object {
                            "width": 2,
                          }
                        }
                        element={[Function]}
                        mobile={
                          Object {
                            "width": 4,
                          }
                        }
                        onClick={[Function]}
                        thumbnails={
                          Array [
                            Object {
                              "alt": "Cool Down Active Short on model",
                              "src": "https://d2lknnt52h7uhg.cloudfront.net/roa-canon/image/upload/c_fit,w_120/v1/production/catalog/bi5flgfpxbyr9tp2xkd9.jpg",
                            },
                            Object {
                              "alt": "Cool Down Active Short on model",
                              "src": "https://d2lknnt52h7uhg.cloudfront.net/roa-canon/image/upload/c_fit,w_120/v1/production/catalog/hhdgxghcpc17xho1pngc.jpg",
                            },
                            Object {
                              "alt": "Fuzzy Tiger Tee on model",
                              "src": "https://d2lknnt52h7uhg.cloudfront.net/roa-canon/image/upload/c_fit,w_120/v1/production/catalog/q5l42uiqm8orjia4j14m.jpg",
                            },
                            Object {
                              "alt": "Fuzzy Tiger Tee front",
                              "src": "https://d2lknnt52h7uhg.cloudfront.net/roa-canon/image/upload/c_fit,w_120/v1/production/catalog/rfxx1bcmwy7zych1pmof.jpg",
                            },
                            Object {
                              "alt": "Fuzzy Tiger Tee detail",
                              "src": "https://d2lknnt52h7uhg.cloudfront.net/roa-canon/image/upload/c_fit,w_120/v1/production/catalog/jhpde0cdhl11lu9fa41o.jpg",
                            },
                            Object {
                              "alt": "Cool Down Active Short front",
                              "src": "https://d2lknnt52h7uhg.cloudfront.net/roa-canon/image/upload/c_fit,w_120/v1/production/catalog/xrpiecxqwmiso3acxucc.jpg",
                            },
                            Object {
                              "alt": "Cool Down Active Short back",
                              "src": "https://d2lknnt52h7uhg.cloudfront.net/roa-canon/image/upload/c_fit,w_120/v1/production/catalog/wmwxd0bxeavdtgt0uqzx.jpg",
                            },
                          ]
                        }
                      >
                        <Styled(Component)
                          active="production/catalog/bi5flgfpxbyr9tp2xkd9"
                          className="c3"
                          columns={
                            Object {
                              "desktop": 12,
                              "mobile": 4,
                            }
                          }
                          desktop={
                            Object {
                              "width": 2,
                            }
                          }
                          mobile={
                            Object {
                              "width": 4,
                            }
                          }
                          onClick={[Function]}
                          thumbnails={
                            Array [
                              Object {
                                "alt": "Cool Down Active Short on model",
                                "src": "https://d2lknnt52h7uhg.cloudfront.net/roa-canon/image/upload/c_fit,w_120/v1/production/catalog/bi5flgfpxbyr9tp2xkd9.jpg",
                              },
                              Object {
                                "alt": "Cool Down Active Short on model",
                                "src": "https://d2lknnt52h7uhg.cloudfront.net/roa-canon/image/upload/c_fit,w_120/v1/production/catalog/hhdgxghcpc17xho1pngc.jpg",
                              },
                              Object {
                                "alt": "Fuzzy Tiger Tee on model",
                                "src": "https://d2lknnt52h7uhg.cloudfront.net/roa-canon/image/upload/c_fit,w_120/v1/production/catalog/q5l42uiqm8orjia4j14m.jpg",
                              },
                              Object {
                                "alt": "Fuzzy Tiger Tee front",
                                "src": "https://d2lknnt52h7uhg.cloudfront.net/roa-canon/image/upload/c_fit,w_120/v1/production/catalog/rfxx1bcmwy7zych1pmof.jpg",
                              },
                              Object {
                                "alt": "Fuzzy Tiger Tee detail",
                                "src": "https://d2lknnt52h7uhg.cloudfront.net/roa-canon/image/upload/c_fit,w_120/v1/production/catalog/jhpde0cdhl11lu9fa41o.jpg",
                              },
                              Object {
                                "alt": "Cool Down Active Short front",
                                "src": "https://d2lknnt52h7uhg.cloudfront.net/roa-canon/image/upload/c_fit,w_120/v1/production/catalog/xrpiecxqwmiso3acxucc.jpg",
                              },
                              Object {
                                "alt": "Cool Down Active Short back",
                                "src": "https://d2lknnt52h7uhg.cloudfront.net/roa-canon/image/upload/c_fit,w_120/v1/production/catalog/wmwxd0bxeavdtgt0uqzx.jpg",
                              },
                            ]
                          }
                        >
                          <Component
                            active="production/catalog/bi5flgfpxbyr9tp2xkd9"
                            className="c3 c4"
                            columns={
                              Object {
                                "desktop": 12,
                                "mobile": 4,
                              }
                            }
                            desktop={
                              Object {
                                "width": 2,
                              }
                            }
                            mobile={
                              Object {
                                "width": 4,
                              }
                            }
                            onClick={[Function]}
                            thumbnails={
                              Array [
                                Object {
                                  "alt": "Cool Down Active Short on model",
                                  "src": "https://d2lknnt52h7uhg.cloudfront.net/roa-canon/image/upload/c_fit,w_120/v1/production/catalog/bi5flgfpxbyr9tp2xkd9.jpg",
                                },
                                Object {
                                  "alt": "Cool Down Active Short on model",
                                  "src": "https://d2lknnt52h7uhg.cloudfront.net/roa-canon/image/upload/c_fit,w_120/v1/production/catalog/hhdgxghcpc17xho1pngc.jpg",
                                },
                                Object {
                                  "alt": "Fuzzy Tiger Tee on model",
                                  "src": "https://d2lknnt52h7uhg.cloudfront.net/roa-canon/image/upload/c_fit,w_120/v1/production/catalog/q5l42uiqm8orjia4j14m.jpg",
                                },
                                Object {
                                  "alt": "Fuzzy Tiger Tee front",
                                  "src": "https://d2lknnt52h7uhg.cloudfront.net/roa-canon/image/upload/c_fit,w_120/v1/production/catalog/rfxx1bcmwy7zych1pmof.jpg",
                                },
                                Object {
                                  "alt": "Fuzzy Tiger Tee detail",
                                  "src": "https://d2lknnt52h7uhg.cloudfront.net/roa-canon/image/upload/c_fit,w_120/v1/production/catalog/jhpde0cdhl11lu9fa41o.jpg",
                                },
                                Object {
                                  "alt": "Cool Down Active Short front",
                                  "src": "https://d2lknnt52h7uhg.cloudfront.net/roa-canon/image/upload/c_fit,w_120/v1/production/catalog/xrpiecxqwmiso3acxucc.jpg",
                                },
                                Object {
                                  "alt": "Cool Down Active Short back",
                                  "src": "https://d2lknnt52h7uhg.cloudfront.net/roa-canon/image/upload/c_fit,w_120/v1/production/catalog/wmwxd0bxeavdtgt0uqzx.jpg",
                                },
                              ]
                            }
                          >
                            <div
                              className="c3 c4"
                            >
                              <InlineImage
                                alt="Cool Down Active Short on model"
                                className="roa-thumbnail active"
                                key="0"
                                onClick={[Function]}
                                role="button"
                                src="https://d2lknnt52h7uhg.cloudfront.net/roa-canon/image/upload/c_fit,w_120/v1/production/catalog/bi5flgfpxbyr9tp2xkd9.jpg"
                              >
                                <img
                                  alt="Cool Down Active Short on model"
                                  className="roa-thumbnail active"
                                  onClick={[Function]}
                                  role="button"
                                  src="https://d2lknnt52h7uhg.cloudfront.net/roa-canon/image/upload/c_fit,w_120/v1/production/catalog/bi5flgfpxbyr9tp2xkd9.jpg"
                                />
                              </InlineImage>
                              <InlineImage
                                alt="Cool Down Active Short on model"
                                className="roa-thumbnail"
                                key="1"
                                onClick={[Function]}
                                role="button"
                                src="https://d2lknnt52h7uhg.cloudfront.net/roa-canon/image/upload/c_fit,w_120/v1/production/catalog/hhdgxghcpc17xho1pngc.jpg"
                              >
                                <img
                                  alt="Cool Down Active Short on model"
                                  className="roa-thumbnail"
                                  onClick={[Function]}
                                  role="button"
                                  src="https://d2lknnt52h7uhg.cloudfront.net/roa-canon/image/upload/c_fit,w_120/v1/production/catalog/hhdgxghcpc17xho1pngc.jpg"
                                />
                              </InlineImage>
                              <InlineImage
                                alt="Fuzzy Tiger Tee on model"
                                className="roa-thumbnail"
                                key="2"
                                onClick={[Function]}
                                role="button"
                                src="https://d2lknnt52h7uhg.cloudfront.net/roa-canon/image/upload/c_fit,w_120/v1/production/catalog/q5l42uiqm8orjia4j14m.jpg"
                              >
                                <img
                                  alt="Fuzzy Tiger Tee on model"
                                  className="roa-thumbnail"
                                  onClick={[Function]}
                                  role="button"
                                  src="https://d2lknnt52h7uhg.cloudfront.net/roa-canon/image/upload/c_fit,w_120/v1/production/catalog/q5l42uiqm8orjia4j14m.jpg"
                                />
                              </InlineImage>
                              <InlineImage
                                alt="Fuzzy Tiger Tee front"
                                className="roa-thumbnail"
                                key="3"
                                onClick={[Function]}
                                role="button"
                                src="https://d2lknnt52h7uhg.cloudfront.net/roa-canon/image/upload/c_fit,w_120/v1/production/catalog/rfxx1bcmwy7zych1pmof.jpg"
                              >
                                <img
                                  alt="Fuzzy Tiger Tee front"
                                  className="roa-thumbnail"
                                  onClick={[Function]}
                                  role="button"
                                  src="https://d2lknnt52h7uhg.cloudfront.net/roa-canon/image/upload/c_fit,w_120/v1/production/catalog/rfxx1bcmwy7zych1pmof.jpg"
                                />
                              </InlineImage>
                              <InlineImage
                                alt="Fuzzy Tiger Tee detail"
                                className="roa-thumbnail"
                                key="4"
                                onClick={[Function]}
                                role="button"
                                src="https://d2lknnt52h7uhg.cloudfront.net/roa-canon/image/upload/c_fit,w_120/v1/production/catalog/jhpde0cdhl11lu9fa41o.jpg"
                              >
                                <img
                                  alt="Fuzzy Tiger Tee detail"
                                  className="roa-thumbnail"
                                  onClick={[Function]}
                                  role="button"
                                  src="https://d2lknnt52h7uhg.cloudfront.net/roa-canon/image/upload/c_fit,w_120/v1/production/catalog/jhpde0cdhl11lu9fa41o.jpg"
                                />
                              </InlineImage>
                              <InlineImage
                                alt="Cool Down Active Short front"
                                className="roa-thumbnail"
                                key="5"
                                onClick={[Function]}
                                role="button"
                                src="https://d2lknnt52h7uhg.cloudfront.net/roa-canon/image/upload/c_fit,w_120/v1/production/catalog/xrpiecxqwmiso3acxucc.jpg"
                              >
                                <img
                                  alt="Cool Down Active Short front"
                                  className="roa-thumbnail"
                                  onClick={[Function]}
                                  role="button"
                                  src="https://d2lknnt52h7uhg.cloudfront.net/roa-canon/image/upload/c_fit,w_120/v1/production/catalog/xrpiecxqwmiso3acxucc.jpg"
                                />
                              </InlineImage>
                              <InlineImage
                                alt="Cool Down Active Short back"
                                className="roa-thumbnail"
                                key="6"
                                onClick={[Function]}
                                role="button"
                                src="https://d2lknnt52h7uhg.cloudfront.net/roa-canon/image/upload/c_fit,w_120/v1/production/catalog/wmwxd0bxeavdtgt0uqzx.jpg"
                              >
                                <img
                                  alt="Cool Down Active Short back"
                                  className="roa-thumbnail"
                                  onClick={[Function]}
                                  role="button"
                                  src="https://d2lknnt52h7uhg.cloudfront.net/roa-canon/image/upload/c_fit,w_120/v1/production/catalog/wmwxd0bxeavdtgt0uqzx.jpg"
                                />
                              </InlineImage>
                            </div>
                          </Component>
                        </Styled(Component)>
                      </Component>
                    </Styled(Component)>
                    <Styled(Component)
                      columns={
                        Object {
                          "desktop": 12,
                          "mobile": 4,
                        }
                      }
                      desktop={
                        Object {
                          "width": 10,
                        }
                      }
                      element="div"
                      mobile={
                        Object {
                          "width": 4,
                        }
                      }
                    >
                      <Component
                        className="c5"
                        columns={
                          Object {
                            "desktop": 12,
                            "mobile": 4,
                          }
                        }
                        desktop={
                          Object {
                            "width": 10,
                          }
                        }
                        element="div"
                        mobile={
                          Object {
                            "width": 4,
                          }
                        }
                      >
                        <div
                          className="c5"
                          columns={
                            Object {
                              "desktop": 12,
                              "mobile": 4,
                            }
                          }
                          desktop={
                            Object {
                              "width": 10,
                            }
                          }
                          mobile={
                            Object {
                              "width": 4,
                            }
                          }
                        >
                          <ReactImageMagnify
                            className="imageZoom"
                            enlargedImageContainerDimensions={
                              Object {
                                "height": "100%",
                                "width": "100%",
                              }
                            }
                            fadeDurationInMs={300}
                            hintComponent={[Function]}
                            hintTextMouse="Hover to Zoom"
                            hintTextTouch="Long-Touch to Zoom"
                            hoverDelayInMs={250}
                            hoverOffDelayInMs={150}
                            isEnlargedImagePortalEnabledForTouch={false}
                            isHintEnabled={false}
                            largeImage={
                              Object {
                                "alt": "Cool Down Active Short on model Main Enlarged Image",
                                "height": 1989,
                                "src": "https://d2lknnt52h7uhg.cloudfront.net/roa-canon/image/upload/t_pdp_large/v1/production/catalog/bi5flgfpxbyr9tp2xkd9.jpg",
                                "width": 1440,
                              }
                            }
                            shouldHideHintAfterFirstActivation={true}
                            shouldUsePositiveSpaceLens={false}
                            smallImage={
                              Object {
                                "alt": "Cool Down Active Short on model Main Image",
                                "isFluidWidth": true,
                                "src": "https://d2lknnt52h7uhg.cloudfront.net/roa-canon/image/upload/t_pdp/v1/production/catalog/bi5flgfpxbyr9tp2xkd9.jpg",
                              }
                            }
                          >
                            <ReactCursorPosition
                              className="imageZoom"
                              hoverDelayInMs={250}
                              hoverOffDelayInMs={150}
                              isActivatedOnTouch={false}
                              isEnabled={true}
                              mapChildProps={[Function]}
                              onActivationChanged={[Function]}
                              onDetectedEnvironmentChanged={[Function]}
                              onDetectedInputTypeChanged={[Function]}
                              onPositionChanged={[Function]}
                              pressDuration={500}
                              pressMoveThreshold={5}
                              shouldDecorateChildren={true}
                              shouldStopTouchMovePropagation={true}
                              style={
                                Object {
                                  "cursor": "crosshair",
                                  "fontSize": "0px",
                                  "height": "auto",
                                  "position": "relative",
                                  "width": "auto",
                                }
                              }
                            >
                              <div
                                className="imageZoom"
                                style={
                                  Object {
                                    "WebkitUserSelect": "none",
                                    "cursor": "crosshair",
                                    "fontSize": "0px",
                                    "height": "auto",
                                    "position": "relative",
                                    "width": "auto",
                                  }
                                }
                              >
                                <img
                                  alt="Cool Down Active Short on model Main Image"
                                  key=".0"
                                  onError={[Function]}
                                  onLoad={[Function]}
                                  src="https://d2lknnt52h7uhg.cloudfront.net/roa-canon/image/upload/t_pdp/v1/production/catalog/bi5flgfpxbyr9tp2xkd9.jpg"
                                  style={
                                    Object {
                                      "display": "block",
                                      "height": "auto",
                                      "pointerEvents": "none",
                                      "width": "100%",
                                    }
                                  }
                                />
                                <NegativeSpaceLens
                                  cursorOffset={
                                    Object {
                                      "x": 0,
                                      "y": 0,
                                    }
                                  }
                                  detectedEnvironment={
                                    Object {
                                      "isMouseDetected": false,
                                      "isTouchDetected": false,
                                    }
                                  }
                                  elementDimensions={
                                    Object {
                                      "height": 0,
                                      "width": 0,
                                    }
                                  }
                                  fadeDurationInMs={300}
                                  isActive={false}
                                  isPositionOutside={true}
                                  key=".2"
                                  onDetectedInputTypeChanged={[Function]}
                                  position={
                                    Object {
                                      "x": 0,
                                      "y": 0,
                                    }
                                  }
                                  smallImage={
                                    Object {
                                      "alt": "Cool Down Active Short on model Main Image",
                                      "height": 0,
                                      "isFluidWidth": true,
                                      "src": "https://d2lknnt52h7uhg.cloudfront.net/roa-canon/image/upload/t_pdp/v1/production/catalog/bi5flgfpxbyr9tp2xkd9.jpg",
                                      "width": 0,
                                    }
                                  }
                                >
                                  <div>
                                    <LensTop
                                      cursorOffset={
                                        Object {
                                          "x": 0,
                                          "y": 0,
                                        }
                                      }
                                      detectedEnvironment={
                                        Object {
                                          "isMouseDetected": false,
                                          "isTouchDetected": false,
                                        }
                                      }
                                      elementDimensions={
                                        Object {
                                          "height": 0,
                                          "width": 0,
                                        }
                                      }
                                      fadeDurationInMs={300}
                                      isActive={false}
                                      isPositionOutside={true}
                                      onDetectedInputTypeChanged={[Function]}
                                      position={
                                        Object {
                                          "x": 0,
                                          "y": 0,
                                        }
                                      }
                                      smallImage={
                                        Object {
                                          "alt": "Cool Down Active Short on model Main Image",
                                          "height": 0,
                                          "isFluidWidth": true,
                                          "src": "https://d2lknnt52h7uhg.cloudfront.net/roa-canon/image/upload/t_pdp/v1/production/catalog/bi5flgfpxbyr9tp2xkd9.jpg",
                                          "width": 0,
                                        }
                                      }
                                      style={
                                        Object {
                                          "backgroundColor": "rgba(0,0,0,.4)",
                                        }
                                      }
                                    >
                                      <Lens
                                        fadeDurationInMs={300}
                                        isActive={false}
                                        isPositionOutside={true}
                                        style={
                                          Object {
                                            "backgroundColor": "rgba(0,0,0,.4)",
                                            "height": "0px",
                                            "top": "0px",
                                            "width": "100%",
                                          }
                                        }
                                        translateX={0}
                                        translateY={0}
                                      >
                                        <div
                                          style={
                                            Object {
                                              "backgroundColor": "rgba(0,0,0,.4)",
                                              "bottom": "auto",
                                              "display": "block",
                                              "height": "0px",
                                              "left": "auto",
                                              "opacity": 0,
                                              "position": "absolute",
                                              "right": "auto",
                                              "top": "0px",
                                              "transition": "opacity 300ms ease-in",
                                              "width": "100%",
                                            }
                                          }
                                        />
                                      </Lens>
                                    </LensTop>
                                    <LensLeft
                                      cursorOffset={
                                        Object {
                                          "x": 0,
                                          "y": 0,
                                        }
                                      }
                                      detectedEnvironment={
                                        Object {
                                          "isMouseDetected": false,
                                          "isTouchDetected": false,
                                        }
                                      }
                                      elementDimensions={
                                        Object {
                                          "height": 0,
                                          "width": 0,
                                        }
                                      }
                                      fadeDurationInMs={300}
                                      isActive={false}
                                      isPositionOutside={true}
                                      onDetectedInputTypeChanged={[Function]}
                                      position={
                                        Object {
                                          "x": 0,
                                          "y": 0,
                                        }
                                      }
                                      smallImage={
                                        Object {
                                          "alt": "Cool Down Active Short on model Main Image",
                                          "height": 0,
                                          "isFluidWidth": true,
                                          "src": "https://d2lknnt52h7uhg.cloudfront.net/roa-canon/image/upload/t_pdp/v1/production/catalog/bi5flgfpxbyr9tp2xkd9.jpg",
                                          "width": 0,
                                        }
                                      }
                                      style={
                                        Object {
                                          "backgroundColor": "rgba(0,0,0,.4)",
                                        }
                                      }
                                    >
                                      <Lens
                                        fadeDurationInMs={300}
                                        isActive={false}
                                        isPositionOutside={true}
                                        style={
                                          Object {
                                            "backgroundColor": "rgba(0,0,0,.4)",
                                            "height": "0px",
                                            "left": "0px",
                                            "top": "0px",
                                            "width": "0px",
                                          }
                                        }
                                        translateX={0}
                                        translateY={0}
                                      >
                                        <div
                                          style={
                                            Object {
                                              "backgroundColor": "rgba(0,0,0,.4)",
                                              "bottom": "auto",
                                              "display": "block",
                                              "height": "0px",
                                              "left": "0px",
                                              "opacity": 0,
                                              "position": "absolute",
                                              "right": "auto",
                                              "top": "0px",
                                              "transition": "opacity 300ms ease-in",
                                              "width": "0px",
                                            }
                                          }
                                        />
                                      </Lens>
                                    </LensLeft>
                                    <LensRight
                                      cursorOffset={
                                        Object {
                                          "x": 0,
                                          "y": 0,
                                        }
                                      }
                                      detectedEnvironment={
                                        Object {
                                          "isMouseDetected": false,
                                          "isTouchDetected": false,
                                        }
                                      }
                                      elementDimensions={
                                        Object {
                                          "height": 0,
                                          "width": 0,
                                        }
                                      }
                                      fadeDurationInMs={300}
                                      isActive={false}
                                      isPositionOutside={true}
                                      onDetectedInputTypeChanged={[Function]}
                                      position={
                                        Object {
                                          "x": 0,
                                          "y": 0,
                                        }
                                      }
                                      smallImage={
                                        Object {
                                          "alt": "Cool Down Active Short on model Main Image",
                                          "height": 0,
                                          "isFluidWidth": true,
                                          "src": "https://d2lknnt52h7uhg.cloudfront.net/roa-canon/image/upload/t_pdp/v1/production/catalog/bi5flgfpxbyr9tp2xkd9.jpg",
                                          "width": 0,
                                        }
                                      }
                                      style={
                                        Object {
                                          "backgroundColor": "rgba(0,0,0,.4)",
                                        }
                                      }
                                    >
                                      <Lens
                                        fadeDurationInMs={300}
                                        isActive={false}
                                        isPositionOutside={true}
                                        style={
                                          Object {
                                            "backgroundColor": "rgba(0,0,0,.4)",
                                            "height": "0px",
                                            "right": "0px",
                                            "top": "0px",
                                            "width": "0px",
                                          }
                                        }
                                        translateX={0}
                                        translateY={0}
                                      >
                                        <div
                                          style={
                                            Object {
                                              "backgroundColor": "rgba(0,0,0,.4)",
                                              "bottom": "auto",
                                              "display": "block",
                                              "height": "0px",
                                              "left": "auto",
                                              "opacity": 0,
                                              "position": "absolute",
                                              "right": "0px",
                                              "top": "0px",
                                              "transition": "opacity 300ms ease-in",
                                              "width": "0px",
                                            }
                                          }
                                        />
                                      </Lens>
                                    </LensRight>
                                    <LensBottom
                                      cursorOffset={
                                        Object {
                                          "x": 0,
                                          "y": 0,
                                        }
                                      }
                                      detectedEnvironment={
                                        Object {
                                          "isMouseDetected": false,
                                          "isTouchDetected": false,
                                        }
                                      }
                                      elementDimensions={
                                        Object {
                                          "height": 0,
                                          "width": 0,
                                        }
                                      }
                                      fadeDurationInMs={300}
                                      isActive={false}
                                      isPositionOutside={true}
                                      onDetectedInputTypeChanged={[Function]}
                                      position={
                                        Object {
                                          "x": 0,
                                          "y": 0,
                                        }
                                      }
                                      smallImage={
                                        Object {
                                          "alt": "Cool Down Active Short on model Main Image",
                                          "height": 0,
                                          "isFluidWidth": true,
                                          "src": "https://d2lknnt52h7uhg.cloudfront.net/roa-canon/image/upload/t_pdp/v1/production/catalog/bi5flgfpxbyr9tp2xkd9.jpg",
                                          "width": 0,
                                        }
                                      }
                                      style={
                                        Object {
                                          "backgroundColor": "rgba(0,0,0,.4)",
                                        }
                                      }
                                    >
                                      <Lens
                                        fadeDurationInMs={300}
                                        isActive={false}
                                        isPositionOutside={true}
                                        style={
                                          Object {
                                            "backgroundColor": "rgba(0,0,0,.4)",
                                            "height": "0px",
                                            "top": "0px",
                                            "width": "100%",
                                          }
                                        }
                                        translateX={0}
                                        translateY={0}
                                      >
                                        <div
                                          style={
                                            Object {
                                              "backgroundColor": "rgba(0,0,0,.4)",
                                              "bottom": "auto",
                                              "display": "block",
                                              "height": "0px",
                                              "left": "auto",
                                              "opacity": 0,
                                              "position": "absolute",
                                              "right": "auto",
                                              "top": "0px",
                                              "transition": "opacity 300ms ease-in",
                                              "width": "100%",
                                            }
                                          }
                                        />
                                      </Lens>
                                    </LensBottom>
                                  </div>
                                </NegativeSpaceLens>
                                <RenderEnlargedImage
                                  containerDimensions={
                                    Object {
                                      "height": 0,
                                      "width": 0,
                                    }
                                  }
                                  cursorOffset={
                                    Object {
                                      "x": 0,
                                      "y": 0,
                                    }
                                  }
                                  detectedEnvironment={
                                    Object {
                                      "isMouseDetected": false,
                                      "isTouchDetected": false,
                                    }
                                  }
                                  elementDimensions={
                                    Object {
                                      "height": 0,
                                      "width": 0,
                                    }
                                  }
                                  fadeDurationInMs={300}
                                  isActive={false}
                                  isInPlaceMode={false}
                                  isPortalEnabledForTouch={false}
                                  isPositionOutside={true}
                                  isTouchDetected={false}
                                  key=".3"
                                  largeImage={
                                    Object {
                                      "alt": "Cool Down Active Short on model Main Enlarged Image",
                                      "height": 1989,
                                      "src": "https://d2lknnt52h7uhg.cloudfront.net/roa-canon/image/upload/t_pdp_large/v1/production/catalog/bi5flgfpxbyr9tp2xkd9.jpg",
                                      "width": 1440,
                                    }
                                  }
                                  onDetectedInputTypeChanged={[Function]}
                                  position={
                                    Object {
                                      "x": 0,
                                      "y": 0,
                                    }
                                  }
                                  smallImage={
                                    Object {
                                      "alt": "Cool Down Active Short on model Main Image",
                                      "height": 0,
                                      "isFluidWidth": true,
                                      "src": "https://d2lknnt52h7uhg.cloudfront.net/roa-canon/image/upload/t_pdp/v1/production/catalog/bi5flgfpxbyr9tp2xkd9.jpg",
                                      "width": 0,
                                    }
                                  }
                                >
                                  <EnlargedImage
                                    containerDimensions={
                                      Object {
                                        "height": 0,
                                        "width": 0,
                                      }
                                    }
                                    cursorOffset={
                                      Object {
                                        "x": 0,
                                        "y": 0,
                                      }
                                    }
                                    detectedEnvironment={
                                      Object {
                                        "isMouseDetected": false,
                                        "isTouchDetected": false,
                                      }
                                    }
                                    elementDimensions={
                                      Object {
                                        "height": 0,
                                        "width": 0,
                                      }
                                    }
                                    fadeDurationInMs={300}
                                    isActive={false}
                                    isInPlaceMode={false}
                                    isLazyLoaded={true}
                                    isPortalEnabledForTouch={false}
                                    isPortalRendered={false}
                                    isPositionOutside={true}
                                    isTouchDetected={false}
                                    largeImage={
                                      Object {
                                        "alt": "Cool Down Active Short on model Main Enlarged Image",
                                        "height": 1989,
                                        "src": "https://d2lknnt52h7uhg.cloudfront.net/roa-canon/image/upload/t_pdp_large/v1/production/catalog/bi5flgfpxbyr9tp2xkd9.jpg",
                                        "width": 1440,
                                      }
                                    }
                                    onDetectedInputTypeChanged={[Function]}
                                    position={
                                      Object {
                                        "x": 0,
                                        "y": 0,
                                      }
                                    }
                                    smallImage={
                                      Object {
                                        "alt": "Cool Down Active Short on model Main Image",
                                        "height": 0,
                                        "isFluidWidth": true,
                                        "src": "https://d2lknnt52h7uhg.cloudfront.net/roa-canon/image/upload/t_pdp/v1/production/catalog/bi5flgfpxbyr9tp2xkd9.jpg",
                                        "width": 0,
                                      }
                                    }
                                  />
                                </RenderEnlargedImage>
                              </div>
                            </ReactCursorPosition>
                          </ReactImageMagnify>
                        </div>
                      </Component>
                    </Styled(Component)>
                  </div>
                </Component>
              </Styled(Component)>
            </div>
          </Component>
        </Styled(Component)>
        <Styled(Component)
          element="div"
        >
          <Component
            className="c6"
            element="div"
          >
            <div
              className="c6"
            >
              <Slider
                arrows={false}
                className="slider"
                dots={true}
                dotsClass="dots"
                infinite={true}
                lazyLoad="progressive"
                slidesToShow={1}
              >
                <InnerSlider
                  accessibility={true}
                  adaptiveHeight={false}
                  afterChange={null}
                  appendDots={[Function]}
                  arrows={false}
                  autoplay={false}
                  autoplaySpeed={3000}
                  beforeChange={null}
                  centerMode={false}
                  centerPadding="50px"
                  className="slider"
                  cssEase="ease"
                  customPaging={[Function]}
                  dots={true}
                  dotsClass="dots"
                  draggable={true}
                  easing="linear"
                  edgeFriction={0.35}
                  fade={false}
                  focusOnSelect={false}
                  infinite={true}
                  initialSlide={0}
                  lazyLoad="progressive"
                  nextArrow={null}
                  onEdge={null}
                  onInit={null}
                  onLazyLoadError={null}
                  onReInit={null}
                  pauseOnDotsHover={false}
                  pauseOnFocus={false}
                  pauseOnHover={true}
                  prevArrow={null}
                  responsive={null}
                  rows={1}
                  rtl={false}
                  slide="div"
                  slidesPerRow={1}
                  slidesToScroll={1}
                  slidesToShow={1}
                  speed={500}
                  swipe={true}
                  swipeEvent={null}
                  swipeToSlide={false}
                  touchMove={true}
                  touchThreshold={5}
                  useCSS={true}
                  useTransform={true}
                  variableWidth={false}
                  vertical={false}
                  waitForAnimate={true}
                >
                  <div
                    className="slick-slider slider slick-initialized"
                    dir="ltr"
                  >
                    <div
                      className="slick-list"
                      onClick={[Function]}
                      onKeyDown={[Function]}
                      onMouseDown={[Function]}
                      onMouseLeave={null}
                      onMouseMove={null}
                      onMouseUp={[Function]}
                      onTouchCancel={null}
                      onTouchEnd={[Function]}
                      onTouchMove={null}
                      onTouchStart={[Function]}
                      style={Object {}}
                    >
                      <Track
                        centerMode={false}
                        centerPadding="50px"
                        cssEase="ease"
                        currentSlide={0}
                        fade={false}
                        focusOnSelect={null}
                        infinite={true}
                        lazyLoad="progressive"
                        lazyLoadedList={
                          Array [
                            0,
                          ]
                        }
                        listHeight={0}
                        onMouseEnter={[Function]}
                        onMouseLeave={[Function]}
                        onMouseOver={[Function]}
                        rtl={false}
                        slideCount={7}
                        slideHeight={0}
                        slideWidth={0}
                        slidesToScroll={1}
                        slidesToShow={1}
                        speed={500}
                        trackStyle={
                          Object {
                            "WebkitTransform": "translate3d(0px, 0px, 0px)",
                            "WebkitTransition": "",
                            "msTransform": "translateX(0px)",
                            "opacity": 1,
                            "transform": "translate3d(0px, 0px, 0px)",
                            "transition": "",
                          }
                        }
                        variableWidth={false}
                        vertical={false}
                      >
                        <div
                          className="slick-track"
                          onMouseEnter={[Function]}
                          onMouseLeave={[Function]}
                          onMouseOver={[Function]}
                          style={
                            Object {
                              "WebkitTransform": "translate3d(0px, 0px, 0px)",
                              "WebkitTransition": "",
                              "msTransform": "translateX(0px)",
                              "opacity": 1,
                              "transform": "translate3d(0px, 0px, 0px)",
                              "transition": "",
                            }
                          }
                        >
                          <div
                            aria-hidden={true}
                            className="slick-slide slick-cloned"
                            data-index={-1}
                            key="precloned-1"
                            onClick={[Function]}
                            style={
                              Object {
                                "width": 0,
                              }
                            }
                            tabIndex="-1"
                          />
                          <div
                            aria-hidden={false}
                            className="slick-slide slick-active slick-current"
                            data-index={0}
                            key="original0"
                            onClick={[Function]}
                            style={
                              Object {
                                "outline": "none",
                                "width": 0,
                              }
                            }
                            tabIndex="-1"
                          >
                            <div
                              key="0"
                            >
                              <InlineImage
                                alt="Cool Down Active Short on model"
                                className="image"
                                key="0"
                                src="https://d2lknnt52h7uhg.cloudfront.net/roa-canon/image/upload/v1/production/catalog/bi5flgfpxbyr9tp2xkd9"
                                style={
                                  Object {
                                    "display": "inline-block",
                                    "width": "100%",
                                  }
                                }
                                tabIndex={-1}
                              >
                                <img
                                  alt="Cool Down Active Short on model"
                                  className="image"
                                  src="https://d2lknnt52h7uhg.cloudfront.net/roa-canon/image/upload/v1/production/catalog/bi5flgfpxbyr9tp2xkd9"
                                  style={
                                    Object {
                                      "display": "inline-block",
                                      "width": "100%",
                                    }
                                  }
                                  tabIndex={-1}
                                />
                              </InlineImage>
                            </div>
                          </div>
                          <div
                            aria-hidden={true}
                            className="slick-slide"
                            data-index={1}
                            key="original1"
                            onClick={[Function]}
                            style={
                              Object {
                                "outline": "none",
                                "width": 0,
                              }
                            }
                            tabIndex="-1"
                          />
                          <div
                            aria-hidden={true}
                            className="slick-slide"
                            data-index={2}
                            key="original2"
                            onClick={[Function]}
                            style={
                              Object {
                                "outline": "none",
                                "width": 0,
                              }
                            }
                            tabIndex="-1"
                          />
                          <div
                            aria-hidden={true}
                            className="slick-slide"
                            data-index={3}
                            key="original3"
                            onClick={[Function]}
                            style={
                              Object {
                                "outline": "none",
                                "width": 0,
                              }
                            }
                            tabIndex="-1"
                          />
                          <div
                            aria-hidden={true}
                            className="slick-slide"
                            data-index={4}
                            key="original4"
                            onClick={[Function]}
                            style={
                              Object {
                                "outline": "none",
                                "width": 0,
                              }
                            }
                            tabIndex="-1"
                          />
                          <div
                            aria-hidden={true}
                            className="slick-slide"
                            data-index={5}
                            key="original5"
                            onClick={[Function]}
                            style={
                              Object {
                                "outline": "none",
                                "width": 0,
                              }
                            }
                            tabIndex="-1"
                          />
                          <div
                            aria-hidden={true}
                            className="slick-slide"
                            data-index={6}
                            key="original6"
                            onClick={[Function]}
                            style={
                              Object {
                                "outline": "none",
                                "width": 0,
                              }
                            }
                            tabIndex="-1"
                          />
                          <div
                            aria-hidden={true}
                            className="slick-slide slick-cloned"
                            data-index={7}
                            key="postcloned0"
                            onClick={[Function]}
                            style={
                              Object {
                                "width": 0,
                              }
                            }
                            tabIndex="-1"
                          >
                            <div
                              key="0"
                            >
                              <InlineImage
                                alt="Cool Down Active Short on model"
                                className="image"
                                key="0"
                                src="https://d2lknnt52h7uhg.cloudfront.net/roa-canon/image/upload/v1/production/catalog/bi5flgfpxbyr9tp2xkd9"
                                style={
                                  Object {
                                    "display": "inline-block",
                                    "width": "100%",
                                  }
                                }
                                tabIndex={-1}
                              >
                                <img
                                  alt="Cool Down Active Short on model"
                                  className="image"
                                  src="https://d2lknnt52h7uhg.cloudfront.net/roa-canon/image/upload/v1/production/catalog/bi5flgfpxbyr9tp2xkd9"
                                  style={
                                    Object {
                                      "display": "inline-block",
                                      "width": "100%",
                                    }
                                  }
                                  tabIndex={-1}
                                />
                              </InlineImage>
                            </div>
                          </div>
                          <div
                            aria-hidden={true}
                            className="slick-slide slick-cloned"
                            data-index={8}
                            key="postcloned8"
                            onClick={[Function]}
                            style={
                              Object {
                                "width": 0,
                              }
                            }
                            tabIndex="-1"
                          />
                          <div
                            aria-hidden={true}
                            className="slick-slide slick-cloned"
                            data-index={9}
                            key="postcloned9"
                            onClick={[Function]}
                            style={
                              Object {
                                "width": 0,
                              }
                            }
                            tabIndex="-1"
                          />
                          <div
                            aria-hidden={true}
                            className="slick-slide slick-cloned"
                            data-index={10}
                            key="postcloned10"
                            onClick={[Function]}
                            style={
                              Object {
                                "width": 0,
                              }
                            }
                            tabIndex="-1"
                          />
                          <div
                            aria-hidden={true}
                            className="slick-slide slick-cloned"
                            data-index={11}
                            key="postcloned11"
                            onClick={[Function]}
                            style={
                              Object {
                                "width": 0,
                              }
                            }
                            tabIndex="-1"
                          />
                          <div
                            aria-hidden={true}
                            className="slick-slide slick-cloned"
                            data-index={12}
                            key="postcloned12"
                            onClick={[Function]}
                            style={
                              Object {
                                "width": 0,
                              }
                            }
                            tabIndex="-1"
                          />
                          <div
                            aria-hidden={true}
                            className="slick-slide slick-cloned"
                            data-index={13}
                            key="postcloned13"
                            onClick={[Function]}
                            style={
                              Object {
                                "width": 0,
                              }
                            }
                            tabIndex="-1"
                          />
                        </div>
                      </Track>
                    </div>
                    <Dots
                      appendDots={[Function]}
                      clickHandler={[Function]}
                      currentSlide={0}
                      customPaging={[Function]}
                      dotsClass="dots"
                      infinite={true}
                      onMouseEnter={null}
                      onMouseLeave={null}
                      onMouseOver={null}
                      slideCount={7}
                      slidesToScroll={1}
                      slidesToShow={1}
                    >
                      <ul
                        className="dots"
                        onMouseEnter={null}
                        onMouseLeave={null}
                        onMouseOver={null}
                        style={
                          Object {
                            "display": "block",
                          }
                        }
                      >
                        <li
                          className="slick-active"
                          key="0"
                        >
                          <button
                            onClick={[Function]}
                          >
                            1
                          </button>
                        </li>
                        <li
                          className=""
                          key="1"
                        >
                          <button
                            onClick={[Function]}
                          >
                            2
                          </button>
                        </li>
                        <li
                          className=""
                          key="2"
                        >
                          <button
                            onClick={[Function]}
                          >
                            3
                          </button>
                        </li>
                        <li
                          className=""
                          key="3"
                        >
                          <button
                            onClick={[Function]}
                          >
                            4
                          </button>
                        </li>
                        <li
                          className=""
                          key="4"
                        >
                          <button
                            onClick={[Function]}
                          >
                            5
                          </button>
                        </li>
                        <li
                          className=""
                          key="5"
                        >
                          <button
                            onClick={[Function]}
                          >
                            6
                          </button>
                        </li>
                        <li
                          className=""
                          key="6"
                        >
                          <button
                            onClick={[Function]}
                          >
                            7
                          </button>
                        </li>
                      </ul>
                    </Dots>
                  </div>
                </InnerSlider>
              </Slider>
            </div>
          </Component>
        </Styled(Component)>
      </div>
    </BaseGallery>
  </Styled(BaseGallery)>
</WithTheme(Styled(BaseGallery))>
`;
