// Jest Snapshot v1, https://goo.gl/fbAQLP

exports[`(Styled Component) SubscriptionSection matching the snapshot 1`] = `
.c0 {
  background-color: #EEFCFF;
  display: -webkit-box;
  display: -webkit-flex;
  display: -ms-flexbox;
  display: flex;
  -webkit-box-pack: center;
  -webkit-justify-content: center;
  -ms-flex-pack: center;
  justify-content: center;
}

.c0 > div {
  display: -webkit-box;
  display: -webkit-flex;
  display: -ms-flexbox;
  display: flex;
  -webkit-flex-wrap: wrap;
  -ms-flex-wrap: wrap;
  flex-wrap: wrap;
  max-width: 100%;
  margin-left: 10px;
  margin-right: 10px;
  max-width: 144rem;
  margin: 0 auto;
}

.c0 .c1 {
  margin-top: 2rem;
  margin-bottom: 2rem;
}

.c0 .c2 {
  margin: 1rem 0;
}

.c0 .c2 a {
  color: #00003C;
  -webkit-text-decoration: none;
  text-decoration: none;
}

.c0 .c2 a:hover,
.c0 .c2 a:visited {
  color: #00003C;
}

.c0 * {
  text-align: center;
}

.c0 footer {
  margin-bottom: 2rem;
}

.c0 .trio {
  margin: 2rem 0;
}

.c0 .trio svg {
  max-height: 8rem;
}

@media (min-width:76.8em) {
  .c0 > div {
    margin-left: 20px;
    margin-right: 20px;
  }
}

@media (min-width:76.8em) {
  .c0 .c1 {
    margin-top: 4rem;
  }
}

<Component
  className="c0"
>
  <Component />
</Component>
`;
