// Jest Snapshot v1, https://goo.gl/fbAQLP

exports[`(Styled Component) Instagram matching the snapshot 1`] = `
.c0 {
  display: -webkit-box;
  display: -webkit-flex;
  display: -ms-flexbox;
  display: flex;
  -webkit-flex-wrap: wrap;
  -ms-flex-wrap: wrap;
  flex-wrap: wrap;
  -webkit-box-pack: center;
  -webkit-justify-content: center;
  -ms-flex-pack: center;
  justify-content: center;
}

.c0 > a {
  width: 50%;
  max-width: 28rem;
  padding: 1rem;
  box-sizing: border-box;
}

.c0 > a img {
  width: 100%;
  max-width: 26rem;
}

.c0 .gif {
  height: 260px;
  margin-right: -50px;
  z-index: 0;
}

<BaseInstagram
  accessToken="2310062225.ec19fa8.24ef99c73cee4fbaac4ba574be6125eb"
  className="c0"
  clientId="573c73f61f5342549cfabb281c37f4de"
  limit={4}
  userId="2310062225"
/>
`;
